2026-08-16T05:13:03.814095 Project directory: /root/pracindo-app
2026-08-16T05:13:03.814510 Pulling project images
2026-08-16T05:13:03.815297 ------------------------------
2026-08-16T05:13:03.967803  backend Skipped No image to be pulled
2026-08-16T05:13:03.967906  frontend Skipped No image to be pulled
2026-08-16T05:13:03.967929  Image postgres:15-alpine Pulling 
2026-08-16T05:13:08.006696  Image postgres:15-alpine Pulled 
2026-08-16T05:13:08.084757 ------------------------------
2026-08-16T05:13:08.084922 Deploying project
2026-08-16T05:13:08.086660 ------------------------------
2026-08-16T05:13:08.255957  Container pracindo_db Recreate 
2026-08-16T05:13:08.549283  Container pracindo_db Recreated 
2026-08-16T05:13:08.549635  Container pracindo_backend Recreate 
2026-08-16T05:13:09.318518  Container pracindo_backend Recreated 
2026-08-16T05:13:09.319701  Container pracindo_frontend Recreate 
2026-08-16T05:13:09.521721  Container pracindo_frontend Recreated 
2026-08-16T05:13:09.556791  Container pracindo_db Starting 
2026-08-16T05:13:09.706004  Container pracindo_db Started 
2026-08-16T05:13:09.706179  Container pracindo_db Waiting 
2026-08-16T05:13:15.207217  Container pracindo_db Healthy 
2026-08-16T05:13:15.207314  Container pracindo_backend Starting 
2026-08-16T05:13:15.365830  Container pracindo_backend Started 
2026-08-16T05:13:15.365887  Container pracindo_backend Waiting 
2026-08-16T05:13:20.867259  Container pracindo_backend Healthy 
2026-08-16T05:13:20.867346  Container pracindo_frontend Starting 
2026-08-16T05:13:21.030202  Container pracindo_frontend Started 
2026-08-16T05:13:21.044982 ------------------------------
2026-08-16T05:13:21.045357 Project deployed successfully
